#-----------------------------------------------------------
# Vivado v2023.1 (64-bit)
# SW Build 3865809 on Sun May  7 15:04:56 MDT 2023
# IP Build 3864474 on Sun May  7 20:36:21 MDT 2023
# SharedData Build 3865790 on Sun May 07 13:33:03 MDT 2023
# Start of session at: Wed Jan 24 11:44:39 2024
# Process ID: 159956
# Current directory: /nfs/home/camsi13/Documents/univ-documents/M2/SE/VHDL
# Command line: vivado
# Log file: /nfs/home/camsi13/Documents/univ-documents/M2/SE/VHDL/vivado.log
# Journal file: /nfs/home/camsi13/Documents/univ-documents/M2/SE/VHDL/vivado.jou
# Running On: secil1.siame.univ-tlse3.fr, OS: Linux, CPU Frequency: 4043.284 MHz, CPU Physical cores: 8, Host memory: 16464 MB
#-----------------------------------------------------------
start_gui
open_project /nfs/home/camsi13/Documents/univ-documents/M2/SE/VHDL/PWM_IP/PWM_IP.xpr
open_project /nfs/home/camsi13/Documents/univ-documents/M2/SE/VHDL/PWM_IP/PWM_IP.xpr
open_project /nfs/home/camsi13/Documents/univ-documents/M2/SE/VHDL/PWM_IP/PWM_IP.xpr
open_project /nfs/home/camsi13/Documents/univ-documents/M2/SE/VHDL/PWM_IP/PWM_IP.xpr
open_project /nfs/home/camsi13/Documents/univ-documents/M2/SE/VHDL/TP1/TP1.xpr
update_compile_order -fileset sources_1
close_project
open_project /nfs/home/camsi13/Documents/univ-documents/M2/SE/VHDL/PWM_IP/PWM_IP.xpr
open_project /nfs/home/camsi13/Documents/univ-documents/M2/SE/VHDL/PWM_IP/PWM_IP.xpr
open_project /nfs/home/camsi13/Documents/univ-documents/M2/SE/VHDL/PWM_IP/PWM_IP.xpr
open_project /nfs/home/camsi13/Documents/univ-documents/M2/SE/VHDL/PWM_IP/PWM_IP.xpr
open_project /nfs/home/camsi13/Documents/univ-documents/M2/SE/VHDL/PWM_IP/PWM_IP.xpr
open_project /nfs/home/camsi13/Documents/univ-documents/M2/SE/VHDL/PWM_IP/PWM_IP.xpr
open_project /nfs/home/camsi13/Documents/univ-documents/M2/SE/VHDL/PWM_IP/PWM_IP.xpr
open_project /nfs/home/camsi13/Documents/univ-documents/M2/SE/VHDL/PWM_IP/PWM_IP.xpr
open_project /nfs/home/camsi13/Documents/univ-documents/M2/SE/VHDL/PWM_IP/PWM_IP.xpr
open_project /nfs/home/camsi13/Documents/univ-documents/M2/SE/VHDL/PWM_IP/PWM_IP.xpr
