#-----------------------------------------------------------
# Vivado v2022.1 (64-bit)
# SW Build 3526262 on Mon Apr 18 15:47:01 MDT 2022
# IP Build 3524634 on Mon Apr 18 20:55:01 MDT 2022
# Start of session at: Fri Mar 17 15:12:00 2023
# Process ID: 11450
# Current directory: /home/tnt3192a/documents/work/M1/S8/vhdl
# Command line: vivado
# Log file: /home/tnt3192a/documents/work/M1/S8/vhdl/vivado.log
# Journal file: /home/tnt3192a/documents/work/M1/S8/vhdl/vivado.jou
# Running On: pc-u3-305-01, OS: Linux, CPU Frequency: 1272.443 MHz, CPU Physical cores: 8, Host memory: 16483 MB
#-----------------------------------------------------------
start_gui
open_project /home/tnt3192a/documents/work/M1/S8/vhdl/tp7_fifo_2/tp7_fifo_2.xpr
update_compile_order -fileset sources_1
launch_simulation
source test_fifo.tcl
close_sim
launch_simulation
source test_fifo.tcl
close_sim
launch_simulation
source test_fifo.tcl
close_sim
launch_simulation
source test_fifo.tcl
close_sim
launch_simulation
source test_fifo.tcl
close_sim
launch_simulation
launch_simulation
launch_simulation
launch_simulation
